apiVersion: v1
data:
  cwagentconfig.json: |
    {
      "logs": {
        "metrics_collected": {
          "kubernetes": {
            "cluster_name": "test-cluster",
            "metrics_collection_interval": 60
          }
        },
        "force_flush_interval": 5
      }
    }
kind: ConfigMap
metadata:
  labels:
    app.kubernetes.io/managed-by: Helm
    app.kubernetes.io/name: aws-cloudwatch-metrics
    app.kubernetes.io/version: '1.247350'
    helm.sh/chart: aws-cloudwatch-metrics-0.0.9
  name: aws-cloudwatch-metrics
