apiVersion: apps/v1
kind: DaemonSet
metadata:
  labels:
    app.kubernetes.io/managed-by: Helm
    app.kubernetes.io/name: aws-cloudwatch-metrics
    app.kubernetes.io/version: '1.247350'
    helm.sh/chart: aws-cloudwatch-metrics-0.0.9
  name: aws-cloudwatch-metrics
spec:
  selector:
    matchLabels:
      app.kubernetes.io/name: aws-cloudwatch-metrics
  template:
    metadata:
      labels:
        app.kubernetes.io/name: aws-cloudwatch-metrics
    spec:
      containers:
        - env:
            - name: HOST_IP
              valueFrom:
                fieldRef:
                  fieldPath: status.hostIP
            - name: HOST_NAME
              valueFrom:
                fieldRef:
                  fieldPath: spec.nodeName
            - name: K8S_NAMESPACE
              valueFrom:
                fieldRef:
                  fieldPath: metadata.namespace
            - name: CI_VERSION
              value: k8s/1.3.9
          image: amazon/cloudwatch-agent:1.247350.0b251780
          imagePullPolicy: IfNotPresent
          name: aws-cloudwatch-metrics
          resources:
            limits:
              cpu: 200m
              memory: 200Mi
            requests:
              cpu: 200m
              memory: 200Mi
          volumeMounts:
            - mountPath: /etc/cwagentconfig
              name: cwagentconfig
            - mountPath: /rootfs
              name: rootfs
              readOnly: true
            - mountPath: /var/run/docker.sock
              name: dockersock
              readOnly: true
            - mountPath: /var/lib/docker
              name: varlibdocker
              readOnly: true
            - mountPath: /run/containerd/containerd.sock
              name: containerdsock
              readOnly: true
            - mountPath: /sys
              name: sys
              readOnly: true
            - mountPath: /dev/disk
              name: devdisk
              readOnly: true
      hostNetwork: false
      serviceAccountName: aws-cloudwatch-metrics
      terminationGracePeriodSeconds: 60
      volumes:
        - configMap:
            name: aws-cloudwatch-metrics
          name: cwagentconfig
        - hostPath:
            path: /
          name: rootfs
        - hostPath:
            path: /var/run/docker.sock
          name: dockersock
        - hostPath:
            path: /var/lib/docker
          name: varlibdocker
        - hostPath:
            path: /run/containerd/containerd.sock
          name: containerdsock
        - hostPath:
            path: /sys
          name: sys
        - hostPath:
            path: /dev/disk/
          name: devdisk
