apiVersion: v1
kind: ServiceAccount
metadata:
  labels:
    app.kubernetes.io/managed-by: Helm
    app.kubernetes.io/name: aws-cloudwatch-metrics
    app.kubernetes.io/version: '1.247350'
    helm.sh/chart: aws-cloudwatch-metrics-0.0.9
  name: aws-cloudwatch-metrics
